Microsoft Windows [Version 10.0.19041.867]
(c) Корпорация Майкрософт (Microsoft Corporation), 2020. Все права защищены.







C:\Users\chere\source\repos\ASPMyCompany\ASPMyCompany>dotnet tool install --global dotnet-ef --version 3.1.4
Вы можете вызвать это средство с помощью следующей команды: dotnet-ef
Средство "dotnet-ef" (версии "3.1.4") успешно установлено.







C:\Users\chere\source\repos\ASPMyCompany\ASPMyCompany>dotnet ef migrations add _initial
Build started...
Build succeeded.
The EF Core tools version '3.1.4' is older than that of the runtime '3.1.12'. Update the tools for the latest features and bug fixes.
info: Microsoft.EntityFrameworkCore.Infrastructure[10403]
      Entity Framework Core 3.1.12 initialized 'AppDbContext' using provider 'Microsoft.EntityFrameworkCore.SqlServer' with options: None
Done. To undo this action, use 'ef migrations remove'







C:\Users\chere\source\repos\ASPMyCompany\ASPMyCompany>dotnet ef database update
Build started...
Build succeeded.
The EF Core tools version '3.1.4' is older than that of the runtime '3.1.12'. Update the tools for the latest features and bug fixes.
info: Microsoft.EntityFrameworkCore.Infrastructure[10403]
      Entity Framework Core 3.1.12 initialized 'AppDbContext' using provider 'Microsoft.EntityFrameworkCore.SqlServer' with options: None
System.ArgumentException: Keyword not supported: 'datasource'.
   at Microsoft.Data.Common.DbConnectionOptions.ParseInternal(Dictionary`2 parsetable, String connectionString, Boolean buildChain, Dictionary`2 synonyms, Boolean firstKey)
   at Microsoft.Data.Common.DbConnectionOptions..ctor(String connectionString, Dictionary`2 synonyms)
   at Microsoft.Data.SqlClient.SqlConnectionString..ctor(String connectionString)
   at Microsoft.Data.SqlClient.SqlConnectionFactory.CreateConnectionOptions(String connectionString, DbConnectionOptions previous)
   at Microsoft.Data.ProviderBase.DbConnectionFactory.GetConnectionPoolGroup(DbConnectionPoolKey key, DbConnectionPoolGroupOptions poolOptions, DbConnectionOptions& userConnectionOptions)
   at Microsoft.Data.SqlClient.SqlConnection.ConnectionString_Set(DbConnectionPoolKey key)
   at Microsoft.Data.SqlClient.SqlConnection.set_ConnectionString(String value)
   at Microsoft.Data.SqlClient.SqlConnection..ctor(String connectionString)
   at Microsoft.EntityFrameworkCore.SqlServer.Storage.Internal.SqlServerConnection.CreateDbConnection()
   at Microsoft.EntityFrameworkCore.Storage.RelationalConnection.get_DbConnection()
   at Microsoft.EntityFrameworkCore.Storage.RelationalConnection.Open(Boolean errorsExpected)
   at Microsoft.EntityFrameworkCore.SqlServer.Storage.Internal.SqlServerDatabaseCreator.<>c__DisplayClass18_0.<Exists>b__0(DateTime giveUp)
   at Microsoft.EntityFrameworkCore.ExecutionStrategyExtensions.<>c__DisplayClass12_0`2.<Execute>b__0(DbContext c, TState s)
   at Microsoft.EntityFrameworkCore.SqlServer.Storage.Internal.SqlServerExecutionStrategy.Execute[TState,TResult](TState state, Func`3 operation, Func`3 verifySucceeded)
   at Microsoft.EntityFrameworkCore.ExecutionStrategyExtensions.Execute[TState,TResult](IExecutionStrategy strategy, TState state, Func`2 operation, Func`2 verifySucceeded)
   at Microsoft.EntityFrameworkCore.ExecutionStrategyExtensions.Execute[TState,TResult](IExecutionStrategy strategy, TState state, Func`2 operation)
   at Microsoft.EntityFrameworkCore.SqlServer.Storage.Internal.SqlServerDatabaseCreator.Exists(Boolean retryOnNotExists)
   at Microsoft.EntityFrameworkCore.SqlServer.Storage.Internal.SqlServerDatabaseCreator.Exists()
   at Microsoft.EntityFrameworkCore.Migrations.HistoryRepository.Exists()
   at Microsoft.EntityFrameworkCore.Migrations.Internal.Migrator.Migrate(String targetMigration)
   at Microsoft.EntityFrameworkCore.Design.Internal.MigrationsOperations.UpdateDatabase(String targetMigration, String contextType)
   at Microsoft.EntityFrameworkCore.Design.OperationExecutor.UpdateDatabaseImpl(String targetMigration, String contextType)
   at Microsoft.EntityFrameworkCore.Design.OperationExecutor.UpdateDatabase.<>c__DisplayClass0_0.<.ctor>b__0()
   at Microsoft.EntityFrameworkCore.Design.OperationExecutor.OperationBase.Execute(Action action)
Keyword not supported: 'datasource'.







C:\Users\chere\source\repos\ASPMyCompany\ASPMyCompany>dotnet ef database update
Build started...
Build succeeded.
The EF Core tools version '3.1.4' is older than that of the runtime '3.1.12'. Update the tools for the latest features and bug fixes.
info: Microsoft.EntityFrameworkCore.Infrastructure[10403]
      Entity Framework Core 3.1.12 initialized 'AppDbContext' using provider 'Microsoft.EntityFrameworkCore.SqlServer' with options: None
System.ArgumentException: Keyword not supported: 'persist sexurity info'.
   at Microsoft.Data.Common.DbConnectionOptions.ParseInternal(Dictionary`2 parsetable, String connectionString, Boolean buildChain, Dictionary`2 synonyms, Boolean firstKey)
   at Microsoft.Data.Common.DbConnectionOptions..ctor(String connectionString, Dictionary`2 synonyms)
   at Microsoft.Data.SqlClient.SqlConnectionString..ctor(String connectionString)
   at Microsoft.Data.SqlClient.SqlConnectionFactory.CreateConnectionOptions(String connectionString, DbConnectionOptions previous)
   at Microsoft.Data.ProviderBase.DbConnectionFactory.GetConnectionPoolGroup(DbConnectionPoolKey key, DbConnectionPoolGroupOptions poolOptions, DbConnectionOptions& userConnectionOptions)
   at Microsoft.Data.SqlClient.SqlConnection.ConnectionString_Set(DbConnectionPoolKey key)
   at Microsoft.Data.SqlClient.SqlConnection.set_ConnectionString(String value)
   at Microsoft.Data.SqlClient.SqlConnection..ctor(String connectionString)
   at Microsoft.EntityFrameworkCore.SqlServer.Storage.Internal.SqlServerConnection.CreateDbConnection()
   at Microsoft.EntityFrameworkCore.Storage.RelationalConnection.get_DbConnection()
   at Microsoft.EntityFrameworkCore.Storage.RelationalConnection.Open(Boolean errorsExpected)
   at Microsoft.EntityFrameworkCore.SqlServer.Storage.Internal.SqlServerDatabaseCreator.<>c__DisplayClass18_0.<Exists>b__0(DateTime giveUp)
   at Microsoft.EntityFrameworkCore.ExecutionStrategyExtensions.<>c__DisplayClass12_0`2.<Execute>b__0(DbContext c, TState s)
   at Microsoft.EntityFrameworkCore.SqlServer.Storage.Internal.SqlServerExecutionStrategy.Execute[TState,TResult](TState state, Func`3 operation, Func`3 verifySucceeded)
   at Microsoft.EntityFrameworkCore.ExecutionStrategyExtensions.Execute[TState,TResult](IExecutionStrategy strategy, TState state, Func`2 operation, Func`2 verifySucceeded)
   at Microsoft.EntityFrameworkCore.ExecutionStrategyExtensions.Execute[TState,TResult](IExecutionStrategy strategy, TState state, Func`2 operation)
   at Microsoft.EntityFrameworkCore.SqlServer.Storage.Internal.SqlServerDatabaseCreator.Exists(Boolean retryOnNotExists)
   at Microsoft.EntityFrameworkCore.SqlServer.Storage.Internal.SqlServerDatabaseCreator.Exists()
   at Microsoft.EntityFrameworkCore.Migrations.HistoryRepository.Exists()
   at Microsoft.EntityFrameworkCore.Migrations.Internal.Migrator.Migrate(String targetMigration)
   at Microsoft.EntityFrameworkCore.Design.Internal.MigrationsOperations.UpdateDatabase(String targetMigration, String contextType)
   at Microsoft.EntityFrameworkCore.Design.OperationExecutor.UpdateDatabaseImpl(String targetMigration, String contextType)
   at Microsoft.EntityFrameworkCore.Design.OperationExecutor.UpdateDatabase.<>c__DisplayClass0_0.<.ctor>b__0()
   at Microsoft.EntityFrameworkCore.Design.OperationExecutor.OperationBase.Execute(Action action)
Keyword not supported: 'persist sexurity info'.







C:\Users\chere\source\repos\ASPMyCompany\ASPMyCompany>dotnet ef database update
Build started...
Build succeeded.
The EF Core tools version '3.1.4' is older than that of the runtime '3.1.12'. Update the tools for the latest features and bug fixes.
info: Microsoft.EntityFrameworkCore.Infrastructure[10403]
      Entity Framework Core 3.1.12 initialized 'AppDbContext' using provider 'Microsoft.EntityFrameworkCore.SqlServer' with options: None
Microsoft.Data.SqlClient.SqlException (0x80131904): A network-related or instance-specific error occurred while establishing a connection to SQL Server. The server was not found or was not accessible. Verify that the instance name is correct and that SQL Server is configured to allow remote connections. (provider: SQL Network Interfaces, error: 26 - Error Locating Server/Instance Specified)
   at Microsoft.Data.SqlClient.SqlInternalConnection.OnError(SqlException exception, Boolean breakConnection, Action`1 wrapCloseInAction)
   at Microsoft.Data.SqlClient.TdsParser.ThrowExceptionAndWarning(TdsParserStateObject stateObj, Boolean callerHasConnectionLock, Boolean asyncClose)
   at Microsoft.Data.SqlClient.TdsParser.Connect(ServerInfo serverInfo, SqlInternalConnectionTds connHandler, Boolean ignoreSniOpenTimeout, Int64 timerExpire, Boolean encrypt, Boolean trustServerCert, Boolean integratedSecurity, Boolean withFailover, SqlAuthenticationMethod authType, SqlAuthenticationProviderManager sqlAuthProviderManager)
   at Microsoft.Data.SqlClient.SqlInternalConnectionTds.AttemptOneLogin(ServerInfo serverInfo, String newPassword, SecureString newSecurePassword, Boolean ignoreSniOpenTimeout, TimeoutTimer timeout, Boolean withFailover)
   at Microsoft.Data.SqlClient.SqlInternalConnectionTds.LoginNoFailover(ServerInfo serverInfo, String newPassword, SecureString newSecurePassword, Boolean redirectedUserInstance, SqlConnectionString connectionOptions, SqlCredential credential, TimeoutTimer timeout)
   at Microsoft.Data.SqlClient.SqlInternalConnectionTds.OpenLoginEnlist(TimeoutTimer timeout, SqlConnectionString connectionOptions, SqlCredential credential, String newPassword, SecureString newSecurePassword, Boolean redirectedUserInstance)
   at Microsoft.Data.SqlClient.SqlInternalConnectionTds..ctor(DbConnectionPoolIdentity identity, SqlConnectionString connectionOptions, SqlCredential credential, Object providerInfo, String newPassword, SecureString newSecurePassword, Boolean redirectedUserInstance, SqlConnectionString userConnectionOptions, SessionData reconnectSessionData, Boolean applyTransientFaultHandling, String accessToken, DbConnectionPool pool, SqlAuthenticationProviderManager sqlAuthProviderManager)
   at Microsoft.Data.SqlClient.SqlConnectionFactory.CreateConnection(DbConnectionOptions options, DbConnectionPoolKey poolKey, Object poolGroupProviderInfo, DbConnectionPool pool, DbConnection owningConnection, DbConnectionOptions userOptions)
   at Microsoft.Data.ProviderBase.DbConnectionFactory.CreatePooledConnection(DbConnectionPool pool, DbConnection owningObject, DbConnectionOptions options, DbConnectionPoolKey poolKey, DbConnectionOptions userOptions)
   at Microsoft.Data.ProviderBase.DbConnectionPool.CreateObject(DbConnection owningObject, DbConnectionOptions userOptions, DbConnectionInternal oldConnection)
   at Microsoft.Data.ProviderBase.DbConnectionPool.UserCreateRequest(DbConnection owningObject, DbConnectionOptions userOptions, DbConnectionInternal oldConnection)
   at Microsoft.Data.ProviderBase.DbConnectionPool.TryGetConnection(DbConnection owningObject, UInt32 waitForMultipleObjectsTimeout, Boolean allowCreate, Boolean onlyOneCheckConnection, DbConnectionOptions userOptions, DbConnectionInternal& connection)
   at Microsoft.Data.ProviderBase.DbConnectionPool.TryGetConnection(DbConnection owningObject, TaskCompletionSource`1 retry, DbConnectionOptions userOptions, DbConnectionInternal& connection)
   at Microsoft.Data.ProviderBase.DbConnectionFactory.TryGetConnection(DbConnection owningConnection, TaskCompletionSource`1 retry, DbConnectionOptions userOptions, DbConnectionInternal oldConnection, DbConnectionInternal& connection)
   at Microsoft.Data.ProviderBase.DbConnectionInternal.TryOpenConnectionInternal(DbConnection outerConnection, DbConnectionFactory connectionFactory, TaskCompletionSource`1 retry, DbConnectionOptions userOptions)
   at Microsoft.Data.ProviderBase.DbConnectionClosed.TryOpenConnection(DbConnection outerConnection, DbConnectionFactory connectionFactory, TaskCompletionSource`1 retry, DbConnectionOptions userOptions)
   at Microsoft.Data.SqlClient.SqlConnection.TryOpen(TaskCompletionSource`1 retry)
   at Microsoft.Data.SqlClient.SqlConnection.Open()
   at Microsoft.EntityFrameworkCore.Storage.RelationalConnection.OpenDbConnection(Boolean errorsExpected)
   at Microsoft.EntityFrameworkCore.Storage.RelationalConnection.Open(Boolean errorsExpected)
   at Microsoft.EntityFrameworkCore.SqlServer.Storage.Internal.SqlServerDatabaseCreator.<>c__DisplayClass18_0.<Exists>b__0(DateTime giveUp)
   at Microsoft.EntityFrameworkCore.ExecutionStrategyExtensions.<>c__DisplayClass12_0`2.<Execute>b__0(DbContext c, TState s)
   at Microsoft.EntityFrameworkCore.SqlServer.Storage.Internal.SqlServerExecutionStrategy.Execute[TState,TResult](TState state, Func`3 operation, Func`3 verifySucceeded)
   at Microsoft.EntityFrameworkCore.ExecutionStrategyExtensions.Execute[TState,TResult](IExecutionStrategy strategy, TState state, Func`2 operation, Func`2 verifySucceeded)
   at Microsoft.EntityFrameworkCore.ExecutionStrategyExtensions.Execute[TState,TResult](IExecutionStrategy strategy, TState state, Func`2 operation)
   at Microsoft.EntityFrameworkCore.SqlServer.Storage.Internal.SqlServerDatabaseCreator.Exists(Boolean retryOnNotExists)
   at Microsoft.EntityFrameworkCore.SqlServer.Storage.Internal.SqlServerDatabaseCreator.Exists()
   at Microsoft.EntityFrameworkCore.Migrations.HistoryRepository.Exists()
   at Microsoft.EntityFrameworkCore.Migrations.Internal.Migrator.Migrate(String targetMigration)
   at Microsoft.EntityFrameworkCore.Design.Internal.MigrationsOperations.UpdateDatabase(String targetMigration, String contextType)
   at Microsoft.EntityFrameworkCore.Design.OperationExecutor.UpdateDatabaseImpl(String targetMigration, String contextType)
   at Microsoft.EntityFrameworkCore.Design.OperationExecutor.UpdateDatabase.<>c__DisplayClass0_0.<.ctor>b__0()
   at Microsoft.EntityFrameworkCore.Design.OperationExecutor.OperationBase.Execute(Action action)
ClientConnectionId:00000000-0000-0000-0000-000000000000
Error Number:-1,State:0,Class:20
A network-related or instance-specific error occurred while establishing a connection to SQL Server. The server was not found or was not accessible. Verify that the instance name is correct and that SQL Server is configured to allow remote connections. (provider: SQL Network Interfaces, error: 26 - Error Locating Server/Instance Specified)







C:\Users\chere\source\repos\ASPMyCompany\ASPMyCompany>dotnet ef database update
Build started...
Build failed.







C:\Users\chere\source\repos\ASPMyCompany\ASPMyCompany>dotnet ef database update
Build started...
Build succeeded.
The EF Core tools version '3.1.4' is older than that of the runtime '3.1.12'. Update the tools for the latest features and bug fixes.
info: Microsoft.EntityFrameworkCore.Infrastructure[10403]
      Entity Framework Core 3.1.12 initialized 'AppDbContext' using provider 'Microsoft.EntityFrameworkCore.SqlServer' with options: None
info: Microsoft.EntityFrameworkCore.Database.Command[20101]
      Executed DbCommand (532ms) [Parameters=[], CommandType='Text', CommandTimeout='60']
      CREATE DATABASE [MyCompany];
info: Microsoft.EntityFrameworkCore.Database.Command[20101]
      Executed DbCommand (205ms) [Parameters=[], CommandType='Text', CommandTimeout='60']
      IF SERVERPROPERTY('EngineEdition') <> 5
      BEGIN
          ALTER DATABASE [MyCompany] SET READ_COMMITTED_SNAPSHOT ON;
      END;
info: Microsoft.EntityFrameworkCore.Database.Command[20101]
      Executed DbCommand (18ms) [Parameters=[], CommandType='Text', CommandTimeout='30']
      SELECT 1
info: Microsoft.EntityFrameworkCore.Database.Command[20101]
      Executed DbCommand (17ms) [Parameters=[], CommandType='Text', CommandTimeout='30']
      CREATE TABLE [__EFMigrationsHistory] (
          [MigrationId] nvarchar(150) NOT NULL,
          [ProductVersion] nvarchar(32) NOT NULL,
          CONSTRAINT [PK___EFMigrationsHistory] PRIMARY KEY ([MigrationId])
      );
info: Microsoft.EntityFrameworkCore.Database.Command[20101]
      Executed DbCommand (1ms) [Parameters=[], CommandType='Text', CommandTimeout='30']
      SELECT 1
info: Microsoft.EntityFrameworkCore.Database.Command[20101]
      Executed DbCommand (38ms) [Parameters=[], CommandType='Text', CommandTimeout='30']
      SELECT OBJECT_ID(N'[__EFMigrationsHistory]');
info: Microsoft.EntityFrameworkCore.Database.Command[20101]
      Executed DbCommand (7ms) [Parameters=[], CommandType='Text', CommandTimeout='30']
      SELECT [MigrationId], [ProductVersion]
      FROM [__EFMigrationsHistory]
      ORDER BY [MigrationId];
info: Microsoft.EntityFrameworkCore.Migrations[20402]
      Applying migration '20210324180545__initial'.
Applying migration '20210324180545__initial'.
info: Microsoft.EntityFrameworkCore.Database.Command[20101]
      Executed DbCommand (7ms) [Parameters=[], CommandType='Text', CommandTimeout='30']
      CREATE TABLE [AspNetRoles] (
          [Id] nvarchar(450) NOT NULL,
          [Name] nvarchar(256) NULL,
          [NormalizedName] nvarchar(256) NULL,
          [ConcurrencyStamp] nvarchar(max) NULL,
          CONSTRAINT [PK_AspNetRoles] PRIMARY KEY ([Id])
      );
info: Microsoft.EntityFrameworkCore.Database.Command[20101]
      Executed DbCommand (3ms) [Parameters=[], CommandType='Text', CommandTimeout='30']
      CREATE TABLE [AspNetUsers] (
          [Id] nvarchar(450) NOT NULL,
          [UserName] nvarchar(256) NULL,
          [NormalizedUserName] nvarchar(256) NULL,
          [Email] nvarchar(256) NULL,
          [NormalizedEmail] nvarchar(256) NULL,
          [EmailConfirmed] bit NOT NULL,
          [PasswordHash] nvarchar(max) NULL,
          [SecurityStamp] nvarchar(max) NULL,
          [ConcurrencyStamp] nvarchar(max) NULL,
          [PhoneNumber] nvarchar(max) NULL,
          [PhoneNumberConfirmed] bit NOT NULL,
          [TwoFactorEnabled] bit NOT NULL,
          [LockoutEnd] datetimeoffset NULL,
          [LockoutEnabled] bit NOT NULL,
          [AccessFailedCount] int NOT NULL,
          CONSTRAINT [PK_AspNetUsers] PRIMARY KEY ([Id])
      );
info: Microsoft.EntityFrameworkCore.Database.Command[20101]
      Executed DbCommand (5ms) [Parameters=[], CommandType='Text', CommandTimeout='30']
      CREATE TABLE [ServiceItems] (
          [Id] uniqueidentifier NOT NULL,
          [TitleImagePath] nvarchar(max) NULL,
          [MetaTitle] nvarchar(max) NULL,
          [MetaDescription] nvarchar(max) NULL,
          [MetaKeywords] nvarchar(max) NULL,
          [DateAdded] datetime2 NOT NULL,
          [Title] nvarchar(max) NOT NULL,
          [Subtitle] nvarchar(max) NULL,
          [Text] nvarchar(max) NULL,
          CONSTRAINT [PK_ServiceItems] PRIMARY KEY ([Id])
      );
info: Microsoft.EntityFrameworkCore.Database.Command[20101]
      Executed DbCommand (4ms) [Parameters=[], CommandType='Text', CommandTimeout='30']
      CREATE TABLE [TextFields] (
          [Id] uniqueidentifier NOT NULL,
          [Subtitle] nvarchar(max) NULL,
          [TitleImagePath] nvarchar(max) NULL,
          [MetaTitle] nvarchar(max) NULL,
          [MetaDescription] nvarchar(max) NULL,
          [MetaKeywords] nvarchar(max) NULL,
          [DateAdded] datetime2 NOT NULL,
          [CodeWord] nvarchar(max) NOT NULL,
          [Title] nvarchar(max) NULL,
          [Text] nvarchar(max) NULL,
          CONSTRAINT [PK_TextFields] PRIMARY KEY ([Id])
      );
info: Microsoft.EntityFrameworkCore.Database.Command[20101]
      Executed DbCommand (6ms) [Parameters=[], CommandType='Text', CommandTimeout='30']
      CREATE TABLE [AspNetRoleClaims] (
          [Id] int NOT NULL IDENTITY,
          [RoleId] nvarchar(450) NOT NULL,
          [ClaimType] nvarchar(max) NULL,
          [ClaimValue] nvarchar(max) NULL,
          CONSTRAINT [PK_AspNetRoleClaims] PRIMARY KEY ([Id]),
          CONSTRAINT [FK_AspNetRoleClaims_AspNetRoles_RoleId] FOREIGN KEY ([RoleId]) REFERENCES [AspNetRoles] ([Id]) ON DELETE CASCADE
      );
info: Microsoft.EntityFrameworkCore.Database.Command[20101]
      Executed DbCommand (4ms) [Parameters=[], CommandType='Text', CommandTimeout='30']
      CREATE TABLE [AspNetUserClaims] (
          [Id] int NOT NULL IDENTITY,
          [UserId] nvarchar(450) NOT NULL,
          [ClaimType] nvarchar(max) NULL,
          [ClaimValue] nvarchar(max) NULL,
          CONSTRAINT [PK_AspNetUserClaims] PRIMARY KEY ([Id]),
          CONSTRAINT [FK_AspNetUserClaims_AspNetUsers_UserId] FOREIGN KEY ([UserId]) REFERENCES [AspNetUsers] ([Id]) ON DELETE CASCADE
      );
info: Microsoft.EntityFrameworkCore.Database.Command[20101]
      Executed DbCommand (6ms) [Parameters=[], CommandType='Text', CommandTimeout='30']
      CREATE TABLE [AspNetUserLogins] (
          [LoginProvider] nvarchar(450) NOT NULL,
          [ProviderKey] nvarchar(450) NOT NULL,
          [ProviderDisplayName] nvarchar(max) NULL,
          [UserId] nvarchar(450) NOT NULL,
          CONSTRAINT [PK_AspNetUserLogins] PRIMARY KEY ([LoginProvider], [ProviderKey]),
          CONSTRAINT [FK_AspNetUserLogins_AspNetUsers_UserId] FOREIGN KEY ([UserId]) REFERENCES [AspNetUsers] ([Id]) ON DELETE CASCADE
      );
info: Microsoft.EntityFrameworkCore.Database.Command[20101]
      Executed DbCommand (5ms) [Parameters=[], CommandType='Text', CommandTimeout='30']
      CREATE TABLE [AspNetUserRoles] (
          [UserId] nvarchar(450) NOT NULL,
          [RoleId] nvarchar(450) NOT NULL,
          CONSTRAINT [PK_AspNetUserRoles] PRIMARY KEY ([UserId], [RoleId]),
          CONSTRAINT [FK_AspNetUserRoles_AspNetRoles_RoleId] FOREIGN KEY ([RoleId]) REFERENCES [AspNetRoles] ([Id]) ON DELETE CASCADE,
          CONSTRAINT [FK_AspNetUserRoles_AspNetUsers_UserId] FOREIGN KEY ([UserId]) REFERENCES [AspNetUsers] ([Id]) ON DELETE CASCADE
      );
info: Microsoft.EntityFrameworkCore.Database.Command[20101]
      Executed DbCommand (4ms) [Parameters=[], CommandType='Text', CommandTimeout='30']
      CREATE TABLE [AspNetUserTokens] (
          [UserId] nvarchar(450) NOT NULL,
          [LoginProvider] nvarchar(450) NOT NULL,
          [Name] nvarchar(450) NOT NULL,
          [Value] nvarchar(max) NULL,
          CONSTRAINT [PK_AspNetUserTokens] PRIMARY KEY ([UserId], [LoginProvider], [Name]),
          CONSTRAINT [FK_AspNetUserTokens_AspNetUsers_UserId] FOREIGN KEY ([UserId]) REFERENCES [AspNetUsers] ([Id]) ON DELETE CASCADE
      );
info: Microsoft.EntityFrameworkCore.Database.Command[20101]
      Executed DbCommand (74ms) [Parameters=[], CommandType='Text', CommandTimeout='30']
      IF EXISTS (SELECT * FROM [sys].[identity_columns] WHERE [name] IN (N'Id', N'ConcurrencyStamp', N'Name', N'NormalizedName') AND [object_id] = OBJECT_ID(N'[AspNetRoles]'))
          SET IDENTITY_INSERT [AspNetRoles] ON;
      INSERT INTO [AspNetRoles] ([Id], [ConcurrencyStamp], [Name], [NormalizedName])
      VALUES (N'85CA2F04-5F0E-4379-B33B-7597F6331ED2', N'c7650e9e-9178-4d0f-af12-243219475785', N'admin', N'ADMIN');
      IF EXISTS (SELECT * FROM [sys].[identity_columns] WHERE [name] IN (N'Id', N'ConcurrencyStamp', N'Name', N'NormalizedName') AND [object_id] = OBJECT_ID(N'[AspNetRoles]'))
          SET IDENTITY_INSERT [AspNetRoles] OFF;
info: Microsoft.EntityFrameworkCore.Database.Command[20101]
      Executed DbCommand (38ms) [Parameters=[], CommandType='Text', CommandTimeout='30']
      IF EXISTS (SELECT * FROM [sys].[identity_columns] WHERE [name] IN (N'Id', N'AccessFailedCount', N'ConcurrencyStamp', N'Email', N'EmailConfirmed', N'LockoutEnabled', N'LockoutEnd', N'NormalizedEmail', N'NormalizedUserName', N'PasswordHash', N'PhoneNumber', N'PhoneNumberConfirmed', N'SecurityStamp', N'TwoFactorEnabled', N'UserName') AND [object_id] = OBJECT_ID(N'[AspNetUsers]'))
          SET IDENTITY_INSERT [AspNetUsers] ON;
      INSERT INTO [AspNetUsers] ([Id], [AccessFailedCount], [ConcurrencyStamp], [Email], [EmailConfirmed], [LockoutEnabled], [LockoutEnd], [NormalizedEmail], [NormalizedUserName], [PasswordHash], [PhoneNumber], [PhoneNumberConfirmed], [SecurityStamp], [TwoFactorEnabled], [UserName])
      VALUES (N'205C2FF5-544B-483E-A4E4-5766C36CB740', 0, N'825bb4d0-0a4f-4eae-be8f-4f6ae220f181', N'Admin@MySuperCompany.com', CAST(1 AS bit), CAST(0 AS bit), NULL, N'ADMIN@MYSUPERCOMPANY.COM', N'ADMIN', N'AQAAAAEAACcQAAAAEOh7ZBS5J8tM1c05PYYBmY90nhn60LsR9FSvK4lR9OIEU8mkW9dSyoswlkuqgQxs0A==', NULL, CAST(0 AS bit), N'', CAST(0 AS bit), N'admin');
      IF EXISTS (SELECT * FROM [sys].[identity_columns] WHERE [name] IN (N'Id', N'AccessFailedCount', N'ConcurrencyStamp', N'Email', N'EmailConfirmed', N'LockoutEnabled', N'LockoutEnd', N'NormalizedEmail', N'NormalizedUserName', N'PasswordHash', N'PhoneNumber', N'PhoneNumberConfirmed', N'SecurityStamp', N'TwoFactorEnabled', N'UserName') AND [object_id] = OBJECT_ID(N'[AspNetUsers]'))
          SET IDENTITY_INSERT [AspNetUsers] OFF;
info: Microsoft.EntityFrameworkCore.Database.Command[20101]
      Executed DbCommand (37ms) [Parameters=[], CommandType='Text', CommandTimeout='30']
      IF EXISTS (SELECT * FROM [sys].[identity_columns] WHERE [name] IN (N'Id', N'CodeWord', N'DateAdded', N'MetaDescription', N'MetaKeywords', N'MetaTitle', N'Subtitle', N'Text', N'Title', N'TitleImagePath') AND [object_id] = OBJECT_ID(N'[TextFields]'))
          SET IDENTITY_INSERT [TextFields] ON;
      INSERT INTO [TextFields] ([Id], [CodeWord], [DateAdded], [MetaDescription], [MetaKeywords], [MetaTitle], [Subtitle], [Text], [Title], [TitleImagePath])
      VALUES ('5daaa96d-b2cd-44fd-8360-52de781f2a4f', N'PageIndex', '2021-03-24T18:05:44.6031998Z', NULL, NULL, NULL, NULL, N'Содержание заполняется администратором', N'Главная', NULL),
      ('b71adeee-4183-4ab3-83ed-c4dc92cca914', N'PageServices', '2021-03-24T18:05:44.6034764Z', NULL, NULL, NULL, NULL, N'Содержание заполняется администратором', N'Наши услуги', NULL),
      ('c61eed6d-be53-4d69-b806-998bd733bc7b', N'PageContacts', '2021-03-24T18:05:44.6034868Z', NULL, NULL, NULL, NULL, N'Содержание заполняется администратором', N'Наши контакты', NULL);
      IF EXISTS (SELECT * FROM [sys].[identity_columns] WHERE [name] IN (N'Id', N'CodeWord', N'DateAdded', N'MetaDescription', N'MetaKeywords', N'MetaTitle', N'Subtitle', N'Text', N'Title', N'TitleImagePath') AND [object_id] = OBJECT_ID(N'[TextFields]'))
          SET IDENTITY_INSERT [TextFields] OFF;
info: Microsoft.EntityFrameworkCore.Database.Command[20101]
      Executed DbCommand (34ms) [Parameters=[], CommandType='Text', CommandTimeout='30']
      IF EXISTS (SELECT * FROM [sys].[identity_columns] WHERE [name] IN (N'UserId', N'RoleId') AND [object_id] = OBJECT_ID(N'[AspNetUserRoles]'))
          SET IDENTITY_INSERT [AspNetUserRoles] ON;
      INSERT INTO [AspNetUserRoles] ([UserId], [RoleId])
      VALUES (N'205C2FF5-544B-483E-A4E4-5766C36CB740', N'85CA2F04-5F0E-4379-B33B-7597F6331ED2');
      IF EXISTS (SELECT * FROM [sys].[identity_columns] WHERE [name] IN (N'UserId', N'RoleId') AND [object_id] = OBJECT_ID(N'[AspNetUserRoles]'))
          SET IDENTITY_INSERT [AspNetUserRoles] OFF;
info: Microsoft.EntityFrameworkCore.Database.Command[20101]
      Executed DbCommand (8ms) [Parameters=[], CommandType='Text', CommandTimeout='30']
      CREATE INDEX [IX_AspNetRoleClaims_RoleId] ON [AspNetRoleClaims] ([RoleId]);
info: Microsoft.EntityFrameworkCore.Database.Command[20101]
      Executed DbCommand (42ms) [Parameters=[], CommandType='Text', CommandTimeout='30']
      CREATE UNIQUE INDEX [RoleNameIndex] ON [AspNetRoles] ([NormalizedName]) WHERE [NormalizedName] IS NOT NULL;
info: Microsoft.EntityFrameworkCore.Database.Command[20101]
      Executed DbCommand (4ms) [Parameters=[], CommandType='Text', CommandTimeout='30']
      CREATE INDEX [IX_AspNetUserClaims_UserId] ON [AspNetUserClaims] ([UserId]);
info: Microsoft.EntityFrameworkCore.Database.Command[20101]
      Executed DbCommand (2ms) [Parameters=[], CommandType='Text', CommandTimeout='30']
      CREATE INDEX [IX_AspNetUserLogins_UserId] ON [AspNetUserLogins] ([UserId]);
info: Microsoft.EntityFrameworkCore.Database.Command[20101]
      Executed DbCommand (5ms) [Parameters=[], CommandType='Text', CommandTimeout='30']
      CREATE INDEX [IX_AspNetUserRoles_RoleId] ON [AspNetUserRoles] ([RoleId]);
info: Microsoft.EntityFrameworkCore.Database.Command[20101]
      Executed DbCommand (6ms) [Parameters=[], CommandType='Text', CommandTimeout='30']
      CREATE INDEX [EmailIndex] ON [AspNetUsers] ([NormalizedEmail]);
info: Microsoft.EntityFrameworkCore.Database.Command[20101]
      Executed DbCommand (10ms) [Parameters=[], CommandType='Text', CommandTimeout='30']
      CREATE UNIQUE INDEX [UserNameIndex] ON [AspNetUsers] ([NormalizedUserName]) WHERE [NormalizedUserName] IS NOT NULL;
info: Microsoft.EntityFrameworkCore.Database.Command[20101]
      Executed DbCommand (4ms) [Parameters=[], CommandType='Text', CommandTimeout='30']
      INSERT INTO [__EFMigrationsHistory] ([MigrationId], [ProductVersion])
      VALUES (N'20210324180545__initial', N'3.1.12');
Done.